fibroblast_stromal       cells= 1200 datasets=1
blood_endothelial        cells= 1200 datasets=1
macrophage_BAM           cells= 1200 datasets=1
monocyte                 cells= 1200 datasets=1
dendritic_cell           cells= 1200 datasets=1
neutrophil               cells= 1200 datasets=1
B_cell                   cells= 1200 datasets=1
plasma_cell              cells=  354 datasets=1
T_cell                   cells= 1200 datasets=1
NK_ILC                   cells= 1200 datasets=1
mast_cell                cells=  300 datasets=1
lymphatic_endothelial    cells= 1200 datasets=10
mural_pericyte_SMC       cells= 1200 datasets=22
osteoblast               cells=  466 datasets=2
osteoclast               cells= 1200 datasets=1
erythroid                cells= 1200 datasets=9
olfactory_epithelium     cells= 1200 datasets=1
choroid_plexus           cells= 1200 datasets=1
skeletal_muscle          cells= 1200 datasets=5
CNS_neural_glial         cells= 1200 datasets=15
                       cells  datasets       source
ref_class                                          
B_cell                  1200         1         dura
CNS_neural_glial        1200        15  adult_brain
NK_ILC                  1200         1         dura
T_cell                  1200         1         dura
blood_endothelial       1200         1         dura
choroid_plexus          1200         1          any
dendritic_cell          1200         1         dura
erythroid               1200         9        adult
fibroblast_stromal      1200         1         dura
lymphatic_endothelial   1200        10        adult
macrophage_BAM          1200         1         dura
mast_cell                300         1         dura
monocyte                1200         1         dura
mural_pericyte_SMC      1200        22        adult
neutrophil              1200         1         dura
olfactory_epithelium    1200         1          any
osteoblast               466         2          any
osteoclast              1200         1          any
plasma_cell              354         1         dura
skeletal_muscle         1200         5        adult
