set
CURATED_ANGIOGENESIS_ENDOTHELIAL                      11
CURATED_BAM_PROGRAM                                   11
CURATED_B_PLASMA                                      11
CURATED_CHEMOKINES                                    16
CURATED_COMPLEMENT_CLASSICAL                          14
CURATED_DAM_KerenShaul2017                            22
CURATED_ECM_REMODELING                                17
CURATED_FIBROBLAST_ACTIVATION                         11
CURATED_INFLAMMATORY_FIBROBLAST                       12
CURATED_INNATE_IMMUNE_ACTIVATION                      11
CURATED_LIPID_HANDLING                                11
CURATED_LYMPHATIC_ENDOTHELIAL                         10
CURATED_MENINGEAL_IMMUNE_TRAFFICKING                  11
CURATED_MHCII_ANTIGEN_PRESENTATION                    10
CURATED_MONOCYTE_RECRUITMENT                          10
CURATED_PHAGOCYTOSIS_LYSOSOME                         14
CURATED_TYPE_I_IFN_ISG                                17
CURATED_T_CELL_ACTIVATION                             10
CURATED_T_CELL_CYTOTOXICITY                           10
CURATED_VASCULAR_INFLAMMATION_ADHESION                10
MSIGDB_HALLMARK_ALLOGRAFT_REJECTION                  179
MSIGDB_HALLMARK_ANGIOGENESIS                          35
MSIGDB_HALLMARK_APOPTOSIS                            158
MSIGDB_HALLMARK_CHOLESTEROL_HOMEOSTASIS               69
MSIGDB_HALLMARK_COAGULATION                          132
MSIGDB_HALLMARK_COMPLEMENT                           183
MSIGDB_HALLMARK_EPITHELIAL_MESENCHYMAL_TRANSITION    194
MSIGDB_HALLMARK_HYPOXIA                              195
MSIGDB_HALLMARK_IL6_JAK_STAT3_SIGNALING               84
MSIGDB_HALLMARK_INFLAMMATORY_RESPONSE                196
MSIGDB_HALLMARK_INTERFERON_ALPHA_RESPONSE             90
MSIGDB_HALLMARK_INTERFERON_GAMMA_RESPONSE            182
MSIGDB_HALLMARK_OXIDATIVE_PHOSPHORYLATION            194
MSIGDB_HALLMARK_REACTIVE_OXYGEN_SPECIES_PATHWAY       46
MSIGDB_HALLMARK_TGF_BETA_SIGNALING                    54
MSIGDB_HALLMARK_TNFA_SIGNALING_VIA_NFKB              195
TECHNICAL_CYTOSOLIC_RIBOSOME                          28
TECHNICAL_MITO_ENCODED                                13
