baseline padj<0.05: 6787  up: 3401  down: 3386 
                                                                                            set
TECHNICAL_CYTOSOLIC_RIBOSOME                                       TECHNICAL_CYTOSOLIC_RIBOSOME
TECHNICAL_MITO_ENCODED                                                   TECHNICAL_MITO_ENCODED
MSIGDB_HALLMARK_OXIDATIVE_PHOSPHORYLATION             MSIGDB_HALLMARK_OXIDATIVE_PHOSPHORYLATION
CURATED_ANGIOGENESIS_ENDOTHELIAL                               CURATED_ANGIOGENESIS_ENDOTHELIAL
MSIGDB_HALLMARK_REACTIVE_OXYGEN_SPECIES_PATHWAY MSIGDB_HALLMARK_REACTIVE_OXYGEN_SPECIES_PATHWAY
MSIGDB_HALLMARK_IL6_JAK_STAT3_SIGNALING                 MSIGDB_HALLMARK_IL6_JAK_STAT3_SIGNALING
CURATED_FIBROBLAST_ACTIVATION                                     CURATED_FIBROBLAST_ACTIVATION
CURATED_VASCULAR_INFLAMMATION_ADHESION                   CURATED_VASCULAR_INFLAMMATION_ADHESION
CURATED_DAM_KerenShaul2017                                           CURATED_DAM_KerenShaul2017
MSIGDB_HALLMARK_CHOLESTEROL_HOMEOSTASIS                 MSIGDB_HALLMARK_CHOLESTEROL_HOMEOSTASIS
CURATED_LIPID_HANDLING                                                   CURATED_LIPID_HANDLING
CURATED_MHCII_ANTIGEN_PRESENTATION                           CURATED_MHCII_ANTIGEN_PRESENTATION
MSIGDB_HALLMARK_TGF_BETA_SIGNALING                           MSIGDB_HALLMARK_TGF_BETA_SIGNALING
MSIGDB_HALLMARK_ANGIOGENESIS                                       MSIGDB_HALLMARK_ANGIOGENESIS
CURATED_LYMPHATIC_ENDOTHELIAL                                     CURATED_LYMPHATIC_ENDOTHELIAL
                                                n_genes Direction     mean_t
TECHNICAL_CYTOSOLIC_RIBOSOME                         28        Up  5.0643366
TECHNICAL_MITO_ENCODED                               13        Up  4.9194664
MSIGDB_HALLMARK_OXIDATIVE_PHOSPHORYLATION           194        Up  2.8710394
CURATED_ANGIOGENESIS_ENDOTHELIAL                     11      Down -2.2737151
MSIGDB_HALLMARK_REACTIVE_OXYGEN_SPECIES_PATHWAY      46        Up  0.7985877
MSIGDB_HALLMARK_IL6_JAK_STAT3_SIGNALING              75      Down -0.8574925
CURATED_FIBROBLAST_ACTIVATION                        11        Up  1.4153549
CURATED_VASCULAR_INFLAMMATION_ADHESION                9      Down -1.5194768
CURATED_DAM_KerenShaul2017                           22        Up  0.7693767
MSIGDB_HALLMARK_CHOLESTEROL_HOMEOSTASIS              66        Up  0.6188497
CURATED_LIPID_HANDLING                               11        Up  0.6920477
CURATED_MHCII_ANTIGEN_PRESENTATION                   10      Down -1.3875368
MSIGDB_HALLMARK_TGF_BETA_SIGNALING                   53      Down -0.6674013
MSIGDB_HALLMARK_ANGIOGENESIS                         33      Down -0.6253197
CURATED_LYMPHATIC_ENDOTHELIAL                        10      Down -0.7107710
                                                    PValue       FDR
TECHNICAL_CYTOSOLIC_RIBOSOME                    0.07805331 0.9833274
TECHNICAL_MITO_ENCODED                          0.08835564 0.9833274
MSIGDB_HALLMARK_OXIDATIVE_PHOSPHORYLATION       0.10966134 0.9833274
CURATED_ANGIOGENESIS_ENDOTHELIAL                0.14847125 0.9833274
MSIGDB_HALLMARK_REACTIVE_OXYGEN_SPECIES_PATHWAY 0.28415809 0.9833274
MSIGDB_HALLMARK_IL6_JAK_STAT3_SIGNALING         0.33905348 0.9833274
CURATED_FIBROBLAST_ACTIVATION                   0.36328568 0.9833274
CURATED_VASCULAR_INFLAMMATION_ADHESION          0.39346289 0.9833274
CURATED_DAM_KerenShaul2017                      0.42841215 0.9833274
MSIGDB_HALLMARK_CHOLESTEROL_HOMEOSTASIS         0.43161980 0.9833274
CURATED_LIPID_HANDLING                          0.44144017 0.9833274
CURATED_MHCII_ANTIGEN_PRESENTATION              0.45832312 0.9833274
MSIGDB_HALLMARK_TGF_BETA_SIGNALING              0.46341568 0.9833274
MSIGDB_HALLMARK_ANGIOGENESIS                    0.50325059 0.9833274
CURATED_LYMPHATIC_ENDOTHELIAL                   0.54718590 0.9833274
