                                              pathway  baseline_effect_SD  baseline_p  comp_adjusted_retention  comp13_adjusted_retention  tech_adjusted_retention  matched_effect_SD  position_616                                               confidence_tier
7                       CURATED_FIBROBLAST_ACTIVATION                1.15        0.05                     0.83                       0.05                     1.03               0.74          0.04                               Tier 3 - composition-associated
0                    CURATED_ANGIOGENESIS_ENDOTHELIAL               -1.40        0.01                     0.18                       0.13                     0.18              -0.16          1.13  Tier 4 - uninterpretable (follows technical/processing axis)
33    MSIGDB_HALLMARK_REACTIVE_OXYGEN_SPECIES_PATHWAY                1.19        0.04                    -0.07                      -0.02                     0.41              -0.10          0.88  Tier 4 - uninterpretable (follows technical/processing axis)
19             CURATED_VASCULAR_INFLAMMATION_ADHESION               -1.10        0.06                     0.70                       0.77                    -0.05              -1.29          1.28                              no baseline genotype association
5                          CURATED_DAM_KerenShaul2017                1.09        0.07                     1.12                       0.53                     1.30               1.55         -0.33                              no baseline genotype association
28            MSIGDB_HALLMARK_IL6_JAK_STAT3_SIGNALING               -1.07        0.07                     0.46                       0.66                    -0.59              -0.47          1.59                              no baseline genotype association
23            MSIGDB_HALLMARK_CHOLESTEROL_HOMEOSTASIS                0.92        0.13                    -0.47                      -0.71                     0.01              -0.56          1.23                              no baseline genotype association
10                             CURATED_LIPID_HANDLING                0.74        0.15                     2.21                       2.17                     2.06               1.92         -3.83                              no baseline genotype association
13                 CURATED_MHCII_ANTIGEN_PRESENTATION               -0.86        0.15                    -0.10                      -0.77                     0.25               0.50          1.01                              no baseline genotype association
21                       MSIGDB_HALLMARK_ANGIOGENESIS               -0.79        0.21                     0.17                       0.92                    -0.61              -0.01          1.54                              no baseline genotype association
11                      CURATED_LYMPHATIC_ENDOTHELIAL               -0.62        0.26                     0.07                      -1.26                    -0.26               0.25          1.90                              no baseline genotype association
34                 MSIGDB_HALLMARK_TGF_BETA_SIGNALING               -0.68        0.26                    -0.17                       0.39                    -1.59              -0.36          2.46                              no baseline genotype association
30          MSIGDB_HALLMARK_INTERFERON_ALPHA_RESPONSE               -0.68        0.27                    -1.10                      -1.39                    -0.08               1.14          1.45                              no baseline genotype association
26  MSIGDB_HALLMARK_EPITHELIAL_MESENCHYMAL_TRANSITION               -0.62        0.33                     0.33                       1.64                    -1.19              -0.39          1.94                              no baseline genotype association
24                        MSIGDB_HALLMARK_COAGULATION               -0.58        0.34                     0.15                       1.15                    -0.59               0.05          1.76                              no baseline genotype association
29              MSIGDB_HALLMARK_INFLAMMATORY_RESPONSE               -0.59        0.35                    -0.32                      -0.21                    -1.31               0.36          2.29                              no baseline genotype association
31          MSIGDB_HALLMARK_INTERFERON_GAMMA_RESPONSE               -0.58        0.36                    -1.38                      -1.41                    -0.86               1.21          1.98                              no baseline genotype association
1                                 CURATED_BAM_PROGRAM               -0.52        0.41                     0.06                      -0.97                     1.34               0.65          0.76                              no baseline genotype association
35            MSIGDB_HALLMARK_TNFA_SIGNALING_VIA_NFKB               -0.49        0.44                     0.34                       1.33                    -2.15              -0.49          2.67                              no baseline genotype association
2                                    CURATED_B_PLASMA               -0.42        0.44                     0.30                       0.89                     2.17               0.41         -5.30                              no baseline genotype association
4                        CURATED_COMPLEMENT_CLASSICAL               -0.44        0.50                    -0.72                      -1.19                    -1.66               1.13          2.26                              no baseline genotype association
27                            MSIGDB_HALLMARK_HYPOXIA               -0.35        0.53                     2.18                       3.60                    -0.82              -1.46          2.49                              no baseline genotype association
22                          MSIGDB_HALLMARK_APOPTOSIS               -0.40        0.53                     1.37                       3.20                    -0.95              -0.61          1.68                              no baseline genotype association
15                      CURATED_PHAGOCYTOSIS_LYSOSOME                0.35        0.57                     1.71                      -0.02                     3.58               0.75        -12.85                              no baseline genotype association
20                MSIGDB_HALLMARK_ALLOGRAFT_REJECTION               -0.34        0.59                    -1.78                      -2.02                    -2.23               1.37          2.26                              no baseline genotype association
25                         MSIGDB_HALLMARK_COMPLEMENT                0.28        0.65                     1.06                      -1.02                     4.07               0.39        -17.75                              no baseline genotype association
9                    CURATED_INNATE_IMMUNE_ACTIVATION                0.29        0.66                     2.63                       2.67                     5.00               1.49       1110.82                              no baseline genotype association
17                          CURATED_T_CELL_ACTIVATION               -0.26        0.67                    -2.11                      -0.20                    -4.70               0.65          3.66                              no baseline genotype association
16                             CURATED_TYPE_I_IFN_ISG               -0.25        0.68                    -3.10                      -4.47                     1.38               0.87          0.46                              no baseline genotype association
14                       CURATED_MONOCYTE_RECRUITMENT               -0.26        0.68                    -1.00                      -3.26                     1.50               1.24         -1.61                              no baseline genotype association
3                                  CURATED_CHEMOKINES                0.17        0.75                     2.56                       5.68                    -1.42               0.95          2.61                              no baseline genotype association
12               CURATED_MENINGEAL_IMMUNE_TRAFFICKING               -0.10        0.87                    -7.31                      -6.18                    -6.24               1.40          3.59                              no baseline genotype association
6                              CURATED_ECM_REMODELING               -0.06        0.92                    -1.07                      14.40                   -16.61              -0.13          4.42                              no baseline genotype association
8                     CURATED_INFLAMMATORY_FIBROBLAST               -0.04        0.96                    -3.72                       3.64                   -22.13               0.44          5.09                              no baseline genotype association
18                        CURATED_T_CELL_CYTOTOXICITY               -0.02        0.97                    -3.10                     -19.10                    46.03               0.60          6.70                              no baseline genotype association
36                       TECHNICAL_CYTOSOLIC_RIBOSOME                1.53        0.00                     0.53                       0.44                     0.06               0.85          1.13                         technical sentinel (negative control)
37                             TECHNICAL_MITO_ENCODED                1.50        0.00                     0.60                       0.44                    -0.07               0.75          1.12                         technical sentinel (negative control)
32          MSIGDB_HALLMARK_OXIDATIVE_PHOSPHORYLATION                1.43        0.01                     0.28                       0.12                    -0.02               0.23          1.11                         technical sentinel (negative control)
confidence_tier
no baseline genotype association                                32
technical sentinel (negative control)                            3
Tier 4 - uninterpretable (follows technical/processing axis)     2
Tier 3 - composition-associated                                  1
Name: count, dtype: int64
