                                                             contrast gene_name
baseline SPP1_vs_NTC.ENSMUSG00000019997                   SPP1_vs_NTC      Ccn2
comp1 SPP1_vs_NTC.ENSMUSG00000019997                      SPP1_vs_NTC      Ccn2
comp13 SPP1_vs_NTC.ENSMUSG00000019997                     SPP1_vs_NTC      Ccn2
tech SPP1_vs_NTC.ENSMUSG00000019997                       SPP1_vs_NTC      Ccn2
baseline SPP1_vs_NTC.ENSMUSG00000026193                   SPP1_vs_NTC       Fn1
comp1 SPP1_vs_NTC.ENSMUSG00000026193                      SPP1_vs_NTC       Fn1
comp13 SPP1_vs_NTC.ENSMUSG00000026193                     SPP1_vs_NTC       Fn1
tech SPP1_vs_NTC.ENSMUSG00000026193                       SPP1_vs_NTC       Fn1
baseline SPP1_vs_NTC.ENSMUSG00000001870                   SPP1_vs_NTC     Ltbp1
comp1 SPP1_vs_NTC.ENSMUSG00000001870                      SPP1_vs_NTC     Ltbp1
comp13 SPP1_vs_NTC.ENSMUSG00000001870                     SPP1_vs_NTC     Ltbp1
tech SPP1_vs_NTC.ENSMUSG00000001870                       SPP1_vs_NTC     Ltbp1
baseline SPP1_vs_NTC.ENSMUSG00000038400                   SPP1_vs_NTC    Pmepa1
comp1 SPP1_vs_NTC.ENSMUSG00000038400                      SPP1_vs_NTC    Pmepa1
comp13 SPP1_vs_NTC.ENSMUSG00000038400                     SPP1_vs_NTC    Pmepa1
tech SPP1_vs_NTC.ENSMUSG00000038400                       SPP1_vs_NTC    Pmepa1
baseline SPP1_vs_NTC.ENSMUSG00000037411                   SPP1_vs_NTC  Serpine1
comp1 SPP1_vs_NTC.ENSMUSG00000037411                      SPP1_vs_NTC  Serpine1
comp13 SPP1_vs_NTC.ENSMUSG00000037411                     SPP1_vs_NTC  Serpine1
tech SPP1_vs_NTC.ENSMUSG00000037411                       SPP1_vs_NTC  Serpine1
baseline SPP1_vs_NTC.ENSMUSG00000027660                   SPP1_vs_NTC      Skil
comp1 SPP1_vs_NTC.ENSMUSG00000027660                      SPP1_vs_NTC      Skil
comp13 SPP1_vs_NTC.ENSMUSG00000027660                     SPP1_vs_NTC      Skil
tech SPP1_vs_NTC.ENSMUSG00000027660                       SPP1_vs_NTC      Skil
baseline SPP1_vs_NTC.ENSMUSG00000025880                   SPP1_vs_NTC     Smad7
comp1 SPP1_vs_NTC.ENSMUSG00000025880                      SPP1_vs_NTC     Smad7
comp13 SPP1_vs_NTC.ENSMUSG00000025880                     SPP1_vs_NTC     Smad7
tech SPP1_vs_NTC.ENSMUSG00000025880                       SPP1_vs_NTC     Smad7
baseline SPP1_vs_NTC.ENSMUSG00000018363                   SPP1_vs_NTC    Smurf2
comp1 SPP1_vs_NTC.ENSMUSG00000018363                      SPP1_vs_NTC    Smurf2
comp13 SPP1_vs_NTC.ENSMUSG00000018363                     SPP1_vs_NTC    Smurf2
tech SPP1_vs_NTC.ENSMUSG00000018363                       SPP1_vs_NTC    Smurf2
baseline SPP1_vs_NTC.ENSMUSG00000002603                   SPP1_vs_NTC     Tgfb1
comp1 SPP1_vs_NTC.ENSMUSG00000002603                      SPP1_vs_NTC     Tgfb1
comp13 SPP1_vs_NTC.ENSMUSG00000002603                     SPP1_vs_NTC     Tgfb1
tech SPP1_vs_NTC.ENSMUSG00000002603                       SPP1_vs_NTC     Tgfb1
baseline SPP1_vs_NTC.ENSMUSG00000039239                   SPP1_vs_NTC     Tgfb2
comp1 SPP1_vs_NTC.ENSMUSG00000039239                      SPP1_vs_NTC     Tgfb2
comp13 SPP1_vs_NTC.ENSMUSG00000039239                     SPP1_vs_NTC     Tgfb2
tech SPP1_vs_NTC.ENSMUSG00000039239                       SPP1_vs_NTC     Tgfb2
baseline SPP1_vs_NTC.ENSMUSG00000021253                   SPP1_vs_NTC     Tgfb3
comp1 SPP1_vs_NTC.ENSMUSG00000021253                      SPP1_vs_NTC     Tgfb3
comp13 SPP1_vs_NTC.ENSMUSG00000021253                     SPP1_vs_NTC     Tgfb3
tech SPP1_vs_NTC.ENSMUSG00000021253                       SPP1_vs_NTC     Tgfb3
baseline SPP1_vs_NTC.ENSMUSG00000035493                   SPP1_vs_NTC     Tgfbi
comp1 SPP1_vs_NTC.ENSMUSG00000035493                      SPP1_vs_NTC     Tgfbi
comp13 SPP1_vs_NTC.ENSMUSG00000035493                     SPP1_vs_NTC     Tgfbi
tech SPP1_vs_NTC.ENSMUSG00000035493                       SPP1_vs_NTC     Tgfbi
baseline SPP1_vs_NTC.ENSMUSG00000007613                   SPP1_vs_NTC    Tgfbr1
comp1 SPP1_vs_NTC.ENSMUSG00000007613                      SPP1_vs_NTC    Tgfbr1
comp13 SPP1_vs_NTC.ENSMUSG00000007613                     SPP1_vs_NTC    Tgfbr1
tech SPP1_vs_NTC.ENSMUSG00000007613                       SPP1_vs_NTC    Tgfbr1
baseline SPP1_vs_NTC.ENSMUSG00000032440                   SPP1_vs_NTC    Tgfbr2
comp1 SPP1_vs_NTC.ENSMUSG00000032440                      SPP1_vs_NTC    Tgfbr2
comp13 SPP1_vs_NTC.ENSMUSG00000032440                     SPP1_vs_NTC    Tgfbr2
tech SPP1_vs_NTC.ENSMUSG00000032440                       SPP1_vs_NTC    Tgfbr2
baseline genotype_5xFAD_vs_WT.ENSMUSG00000019997 genotype_5xFAD_vs_WT      Ccn2
comp1 genotype_5xFAD_vs_WT.ENSMUSG00000019997    genotype_5xFAD_vs_WT      Ccn2
comp13 genotype_5xFAD_vs_WT.ENSMUSG00000019997   genotype_5xFAD_vs_WT      Ccn2
tech genotype_5xFAD_vs_WT.ENSMUSG00000019997     genotype_5xFAD_vs_WT      Ccn2
baseline genotype_5xFAD_vs_WT.ENSMUSG00000026193 genotype_5xFAD_vs_WT       Fn1
comp1 genotype_5xFAD_vs_WT.ENSMUSG00000026193    genotype_5xFAD_vs_WT       Fn1
comp13 genotype_5xFAD_vs_WT.ENSMUSG00000026193   genotype_5xFAD_vs_WT       Fn1
tech genotype_5xFAD_vs_WT.ENSMUSG00000026193     genotype_5xFAD_vs_WT       Fn1
baseline genotype_5xFAD_vs_WT.ENSMUSG00000001870 genotype_5xFAD_vs_WT     Ltbp1
comp1 genotype_5xFAD_vs_WT.ENSMUSG00000001870    genotype_5xFAD_vs_WT     Ltbp1
comp13 genotype_5xFAD_vs_WT.ENSMUSG00000001870   genotype_5xFAD_vs_WT     Ltbp1
tech genotype_5xFAD_vs_WT.ENSMUSG00000001870     genotype_5xFAD_vs_WT     Ltbp1
baseline genotype_5xFAD_vs_WT.ENSMUSG00000038400 genotype_5xFAD_vs_WT    Pmepa1
comp1 genotype_5xFAD_vs_WT.ENSMUSG00000038400    genotype_5xFAD_vs_WT    Pmepa1
comp13 genotype_5xFAD_vs_WT.ENSMUSG00000038400   genotype_5xFAD_vs_WT    Pmepa1
tech genotype_5xFAD_vs_WT.ENSMUSG00000038400     genotype_5xFAD_vs_WT    Pmepa1
baseline genotype_5xFAD_vs_WT.ENSMUSG00000037411 genotype_5xFAD_vs_WT  Serpine1
comp1 genotype_5xFAD_vs_WT.ENSMUSG00000037411    genotype_5xFAD_vs_WT  Serpine1
comp13 genotype_5xFAD_vs_WT.ENSMUSG00000037411   genotype_5xFAD_vs_WT  Serpine1
tech genotype_5xFAD_vs_WT.ENSMUSG00000037411     genotype_5xFAD_vs_WT  Serpine1
baseline genotype_5xFAD_vs_WT.ENSMUSG00000027660 genotype_5xFAD_vs_WT      Skil
comp1 genotype_5xFAD_vs_WT.ENSMUSG00000027660    genotype_5xFAD_vs_WT      Skil
comp13 genotype_5xFAD_vs_WT.ENSMUSG00000027660   genotype_5xFAD_vs_WT      Skil
tech genotype_5xFAD_vs_WT.ENSMUSG00000027660     genotype_5xFAD_vs_WT      Skil
baseline genotype_5xFAD_vs_WT.ENSMUSG00000025880 genotype_5xFAD_vs_WT     Smad7
comp1 genotype_5xFAD_vs_WT.ENSMUSG00000025880    genotype_5xFAD_vs_WT     Smad7
comp13 genotype_5xFAD_vs_WT.ENSMUSG00000025880   genotype_5xFAD_vs_WT     Smad7
tech genotype_5xFAD_vs_WT.ENSMUSG00000025880     genotype_5xFAD_vs_WT     Smad7
baseline genotype_5xFAD_vs_WT.ENSMUSG00000018363 genotype_5xFAD_vs_WT    Smurf2
comp1 genotype_5xFAD_vs_WT.ENSMUSG00000018363    genotype_5xFAD_vs_WT    Smurf2
comp13 genotype_5xFAD_vs_WT.ENSMUSG00000018363   genotype_5xFAD_vs_WT    Smurf2
tech genotype_5xFAD_vs_WT.ENSMUSG00000018363     genotype_5xFAD_vs_WT    Smurf2
baseline genotype_5xFAD_vs_WT.ENSMUSG00000002603 genotype_5xFAD_vs_WT     Tgfb1
comp1 genotype_5xFAD_vs_WT.ENSMUSG00000002603    genotype_5xFAD_vs_WT     Tgfb1
comp13 genotype_5xFAD_vs_WT.ENSMUSG00000002603   genotype_5xFAD_vs_WT     Tgfb1
tech genotype_5xFAD_vs_WT.ENSMUSG00000002603     genotype_5xFAD_vs_WT     Tgfb1
baseline genotype_5xFAD_vs_WT.ENSMUSG00000039239 genotype_5xFAD_vs_WT     Tgfb2
comp1 genotype_5xFAD_vs_WT.ENSMUSG00000039239    genotype_5xFAD_vs_WT     Tgfb2
comp13 genotype_5xFAD_vs_WT.ENSMUSG00000039239   genotype_5xFAD_vs_WT     Tgfb2
tech genotype_5xFAD_vs_WT.ENSMUSG00000039239     genotype_5xFAD_vs_WT     Tgfb2
baseline genotype_5xFAD_vs_WT.ENSMUSG00000021253 genotype_5xFAD_vs_WT     Tgfb3
comp1 genotype_5xFAD_vs_WT.ENSMUSG00000021253    genotype_5xFAD_vs_WT     Tgfb3
comp13 genotype_5xFAD_vs_WT.ENSMUSG00000021253   genotype_5xFAD_vs_WT     Tgfb3
tech genotype_5xFAD_vs_WT.ENSMUSG00000021253     genotype_5xFAD_vs_WT     Tgfb3
baseline genotype_5xFAD_vs_WT.ENSMUSG00000035493 genotype_5xFAD_vs_WT     Tgfbi
comp1 genotype_5xFAD_vs_WT.ENSMUSG00000035493    genotype_5xFAD_vs_WT     Tgfbi
comp13 genotype_5xFAD_vs_WT.ENSMUSG00000035493   genotype_5xFAD_vs_WT     Tgfbi
tech genotype_5xFAD_vs_WT.ENSMUSG00000035493     genotype_5xFAD_vs_WT     Tgfbi
baseline genotype_5xFAD_vs_WT.ENSMUSG00000007613 genotype_5xFAD_vs_WT    Tgfbr1
comp1 genotype_5xFAD_vs_WT.ENSMUSG00000007613    genotype_5xFAD_vs_WT    Tgfbr1
comp13 genotype_5xFAD_vs_WT.ENSMUSG00000007613   genotype_5xFAD_vs_WT    Tgfbr1
tech genotype_5xFAD_vs_WT.ENSMUSG00000007613     genotype_5xFAD_vs_WT    Tgfbr1
baseline genotype_5xFAD_vs_WT.ENSMUSG00000032440 genotype_5xFAD_vs_WT    Tgfbr2
comp1 genotype_5xFAD_vs_WT.ENSMUSG00000032440    genotype_5xFAD_vs_WT    Tgfbr2
comp13 genotype_5xFAD_vs_WT.ENSMUSG00000032440   genotype_5xFAD_vs_WT    Tgfbr2
tech genotype_5xFAD_vs_WT.ENSMUSG00000032440     genotype_5xFAD_vs_WT    Tgfbr2
                                                    model log2FoldChange
baseline SPP1_vs_NTC.ENSMUSG00000019997          baseline      -0.149386
comp1 SPP1_vs_NTC.ENSMUSG00000019997                comp1      -0.064858
comp13 SPP1_vs_NTC.ENSMUSG00000019997              comp13      -0.002028
tech SPP1_vs_NTC.ENSMUSG00000019997                  tech      -0.218608
baseline SPP1_vs_NTC.ENSMUSG00000026193          baseline      -0.450624
comp1 SPP1_vs_NTC.ENSMUSG00000026193                comp1      -0.382572
comp13 SPP1_vs_NTC.ENSMUSG00000026193              comp13      -0.344748
tech SPP1_vs_NTC.ENSMUSG00000026193                  tech      -0.469693
baseline SPP1_vs_NTC.ENSMUSG00000001870          baseline      -0.331012
comp1 SPP1_vs_NTC.ENSMUSG00000001870                comp1      -0.285937
comp13 SPP1_vs_NTC.ENSMUSG00000001870              comp13      -0.213745
tech SPP1_vs_NTC.ENSMUSG00000001870                  tech      -0.351752
baseline SPP1_vs_NTC.ENSMUSG00000038400          baseline      -0.064260
comp1 SPP1_vs_NTC.ENSMUSG00000038400                comp1      -0.000913
comp13 SPP1_vs_NTC.ENSMUSG00000038400              comp13       0.029164
tech SPP1_vs_NTC.ENSMUSG00000038400                  tech      -0.178695
baseline SPP1_vs_NTC.ENSMUSG00000037411          baseline      -0.329695
comp1 SPP1_vs_NTC.ENSMUSG00000037411                comp1      -0.206195
comp13 SPP1_vs_NTC.ENSMUSG00000037411              comp13      -0.081443
tech SPP1_vs_NTC.ENSMUSG00000037411                  tech      -0.383596
baseline SPP1_vs_NTC.ENSMUSG00000027660          baseline      -0.428458
comp1 SPP1_vs_NTC.ENSMUSG00000027660                comp1      -0.355629
comp13 SPP1_vs_NTC.ENSMUSG00000027660              comp13      -0.273486
tech SPP1_vs_NTC.ENSMUSG00000027660                  tech      -0.463115
baseline SPP1_vs_NTC.ENSMUSG00000025880          baseline      -0.237968
comp1 SPP1_vs_NTC.ENSMUSG00000025880                comp1      -0.103435
comp13 SPP1_vs_NTC.ENSMUSG00000025880              comp13      -0.095294
tech SPP1_vs_NTC.ENSMUSG00000025880                  tech      -0.307358
baseline SPP1_vs_NTC.ENSMUSG00000018363          baseline      -0.185046
comp1 SPP1_vs_NTC.ENSMUSG00000018363                comp1      -0.144879
comp13 SPP1_vs_NTC.ENSMUSG00000018363              comp13      -0.116828
tech SPP1_vs_NTC.ENSMUSG00000018363                  tech      -0.203152
baseline SPP1_vs_NTC.ENSMUSG00000002603          baseline       0.389741
comp1 SPP1_vs_NTC.ENSMUSG00000002603                comp1       0.429182
comp13 SPP1_vs_NTC.ENSMUSG00000002603              comp13       0.534890
tech SPP1_vs_NTC.ENSMUSG00000002603                  tech       0.338902
baseline SPP1_vs_NTC.ENSMUSG00000039239          baseline       0.149885
comp1 SPP1_vs_NTC.ENSMUSG00000039239                comp1       0.139986
comp13 SPP1_vs_NTC.ENSMUSG00000039239              comp13       0.128248
tech SPP1_vs_NTC.ENSMUSG00000039239                  tech       0.143377
baseline SPP1_vs_NTC.ENSMUSG00000021253          baseline       0.114872
comp1 SPP1_vs_NTC.ENSMUSG00000021253                comp1       0.201434
comp13 SPP1_vs_NTC.ENSMUSG00000021253              comp13       0.208857
tech SPP1_vs_NTC.ENSMUSG00000021253                  tech       0.056358
baseline SPP1_vs_NTC.ENSMUSG00000035493          baseline      -0.020241
comp1 SPP1_vs_NTC.ENSMUSG00000035493                comp1       0.083954
comp13 SPP1_vs_NTC.ENSMUSG00000035493              comp13       0.091572
tech SPP1_vs_NTC.ENSMUSG00000035493                  tech      -0.063569
baseline SPP1_vs_NTC.ENSMUSG00000007613          baseline      -0.344662
comp1 SPP1_vs_NTC.ENSMUSG00000007613                comp1      -0.347409
comp13 SPP1_vs_NTC.ENSMUSG00000007613              comp13      -0.239397
tech SPP1_vs_NTC.ENSMUSG00000007613                  tech      -0.417610
baseline SPP1_vs_NTC.ENSMUSG00000032440          baseline      -0.251949
comp1 SPP1_vs_NTC.ENSMUSG00000032440                comp1      -0.154525
comp13 SPP1_vs_NTC.ENSMUSG00000032440              comp13      -0.125848
tech SPP1_vs_NTC.ENSMUSG00000032440                  tech      -0.325080
baseline genotype_5xFAD_vs_WT.ENSMUSG00000019997 baseline      -0.271871
comp1 genotype_5xFAD_vs_WT.ENSMUSG00000019997       comp1      -0.032828
comp13 genotype_5xFAD_vs_WT.ENSMUSG00000019997     comp13      -0.327063
tech genotype_5xFAD_vs_WT.ENSMUSG00000019997         tech       0.187329
baseline genotype_5xFAD_vs_WT.ENSMUSG00000026193 baseline       0.086932
comp1 genotype_5xFAD_vs_WT.ENSMUSG00000026193       comp1       0.287686
comp13 genotype_5xFAD_vs_WT.ENSMUSG00000026193     comp13       0.105367
tech genotype_5xFAD_vs_WT.ENSMUSG00000026193         tech       0.211493
baseline genotype_5xFAD_vs_WT.ENSMUSG00000001870 baseline       0.204812
comp1 genotype_5xFAD_vs_WT.ENSMUSG00000001870       comp1       0.346977
comp13 genotype_5xFAD_vs_WT.ENSMUSG00000001870     comp13       0.084642
tech genotype_5xFAD_vs_WT.ENSMUSG00000001870         tech       0.366931
baseline genotype_5xFAD_vs_WT.ENSMUSG00000038400 baseline      -0.763154
comp1 genotype_5xFAD_vs_WT.ENSMUSG00000038400       comp1      -0.506971
comp13 genotype_5xFAD_vs_WT.ENSMUSG00000038400     comp13      -0.652037
tech genotype_5xFAD_vs_WT.ENSMUSG00000038400         tech       0.071056
baseline genotype_5xFAD_vs_WT.ENSMUSG00000037411 baseline       0.294562
comp1 genotype_5xFAD_vs_WT.ENSMUSG00000037411       comp1       0.607401
comp13 genotype_5xFAD_vs_WT.ENSMUSG00000037411     comp13       0.192803
tech genotype_5xFAD_vs_WT.ENSMUSG00000037411         tech       0.601270
baseline genotype_5xFAD_vs_WT.ENSMUSG00000027660 baseline       0.210128
comp1 genotype_5xFAD_vs_WT.ENSMUSG00000027660       comp1       0.420899
comp13 genotype_5xFAD_vs_WT.ENSMUSG00000027660     comp13       0.125007
tech genotype_5xFAD_vs_WT.ENSMUSG00000027660         tech       0.464871
baseline genotype_5xFAD_vs_WT.ENSMUSG00000025880 baseline      -0.645945
comp1 genotype_5xFAD_vs_WT.ENSMUSG00000025880       comp1      -0.205179
comp13 genotype_5xFAD_vs_WT.ENSMUSG00000025880     comp13      -0.261437
tech genotype_5xFAD_vs_WT.ENSMUSG00000025880         tech      -0.126128
baseline genotype_5xFAD_vs_WT.ENSMUSG00000018363 baseline       0.131826
comp1 genotype_5xFAD_vs_WT.ENSMUSG00000018363       comp1       0.237340
comp13 genotype_5xFAD_vs_WT.ENSMUSG00000018363     comp13       0.101383
tech genotype_5xFAD_vs_WT.ENSMUSG00000018363         tech       0.262267
baseline genotype_5xFAD_vs_WT.ENSMUSG00000002603 baseline      -1.119927
comp1 genotype_5xFAD_vs_WT.ENSMUSG00000002603       comp1      -0.964184
comp13 genotype_5xFAD_vs_WT.ENSMUSG00000002603     comp13      -1.506022
tech genotype_5xFAD_vs_WT.ENSMUSG00000002603         tech      -0.662655
baseline genotype_5xFAD_vs_WT.ENSMUSG00000039239 baseline      -0.650648
comp1 genotype_5xFAD_vs_WT.ENSMUSG00000039239       comp1      -0.680879
comp13 genotype_5xFAD_vs_WT.ENSMUSG00000039239     comp13      -0.631828
tech genotype_5xFAD_vs_WT.ENSMUSG00000039239         tech      -0.602678
baseline genotype_5xFAD_vs_WT.ENSMUSG00000021253 baseline      -0.477187
comp1 genotype_5xFAD_vs_WT.ENSMUSG00000021253       comp1      -0.177950
comp13 genotype_5xFAD_vs_WT.ENSMUSG00000021253     comp13      -0.215817
tech genotype_5xFAD_vs_WT.ENSMUSG00000021253         tech      -0.063191
baseline genotype_5xFAD_vs_WT.ENSMUSG00000035493 baseline      -0.252839
comp1 genotype_5xFAD_vs_WT.ENSMUSG00000035493       comp1       0.071872
comp13 genotype_5xFAD_vs_WT.ENSMUSG00000035493     comp13       0.026173
tech genotype_5xFAD_vs_WT.ENSMUSG00000035493         tech       0.058208
baseline genotype_5xFAD_vs_WT.ENSMUSG00000007613 baseline       0.542283
comp1 genotype_5xFAD_vs_WT.ENSMUSG00000007613       comp1       0.533350
comp13 genotype_5xFAD_vs_WT.ENSMUSG00000007613     comp13       0.125386
tech genotype_5xFAD_vs_WT.ENSMUSG00000007613         tech       0.994907
baseline genotype_5xFAD_vs_WT.ENSMUSG00000032440 baseline      -0.183013
comp1 genotype_5xFAD_vs_WT.ENSMUSG00000032440       comp1       0.121519
comp13 genotype_5xFAD_vs_WT.ENSMUSG00000032440     comp13      -0.018322
tech genotype_5xFAD_vs_WT.ENSMUSG00000032440         tech       0.321491
                                                   pvalue     padj
baseline SPP1_vs_NTC.ENSMUSG00000019997          5.79e-01 9.38e-01
comp1 SPP1_vs_NTC.ENSMUSG00000019997             8.14e-01 9.71e-01
comp13 SPP1_vs_NTC.ENSMUSG00000019997            9.94e-01 9.99e-01
tech SPP1_vs_NTC.ENSMUSG00000019997              4.04e-01 8.11e-01
baseline SPP1_vs_NTC.ENSMUSG00000026193          2.04e-04 2.71e-01
comp1 SPP1_vs_NTC.ENSMUSG00000026193             4.67e-04 4.58e-01
comp13 SPP1_vs_NTC.ENSMUSG00000026193            1.84e-04 3.01e-01
tech SPP1_vs_NTC.ENSMUSG00000026193              1.05e-04 4.93e-02
baseline SPP1_vs_NTC.ENSMUSG00000001870          3.96e-02 6.85e-01
comp1 SPP1_vs_NTC.ENSMUSG00000001870             8.38e-02 8.20e-01
comp13 SPP1_vs_NTC.ENSMUSG00000001870            1.53e-01 9.52e-01
tech SPP1_vs_NTC.ENSMUSG00000001870              3.06e-02 3.71e-01
baseline SPP1_vs_NTC.ENSMUSG00000038400          7.52e-01 9.61e-01
comp1 SPP1_vs_NTC.ENSMUSG00000038400             9.96e-01 9.99e-01
comp13 SPP1_vs_NTC.ENSMUSG00000038400            8.87e-01 9.92e-01
tech SPP1_vs_NTC.ENSMUSG00000038400              2.33e-01 6.87e-01
baseline SPP1_vs_NTC.ENSMUSG00000037411          3.63e-01 8.80e-01
comp1 SPP1_vs_NTC.ENSMUSG00000037411             5.78e-01 9.17e-01
comp13 SPP1_vs_NTC.ENSMUSG00000037411            8.19e-01 9.89e-01
tech SPP1_vs_NTC.ENSMUSG00000037411              2.99e-01       NA
baseline SPP1_vs_NTC.ENSMUSG00000027660          1.35e-02 6.27e-01
comp1 SPP1_vs_NTC.ENSMUSG00000027660             3.75e-02 8.20e-01
comp13 SPP1_vs_NTC.ENSMUSG00000027660            6.25e-02 9.52e-01
tech SPP1_vs_NTC.ENSMUSG00000027660              6.44e-03 2.27e-01
baseline SPP1_vs_NTC.ENSMUSG00000025880          1.62e-01 7.93e-01
comp1 SPP1_vs_NTC.ENSMUSG00000025880             3.83e-01 8.68e-01
comp13 SPP1_vs_NTC.ENSMUSG00000025880            4.34e-01 9.56e-01
tech SPP1_vs_NTC.ENSMUSG00000025880              3.34e-02 3.76e-01
baseline SPP1_vs_NTC.ENSMUSG00000018363          4.89e-02 7.02e-01
comp1 SPP1_vs_NTC.ENSMUSG00000018363             1.23e-01 8.20e-01
comp13 SPP1_vs_NTC.ENSMUSG00000018363            1.72e-01 9.52e-01
tech SPP1_vs_NTC.ENSMUSG00000018363              2.82e-02 3.59e-01
baseline SPP1_vs_NTC.ENSMUSG00000002603          2.92e-01 8.54e-01
comp1 SPP1_vs_NTC.ENSMUSG00000002603             2.71e-01 8.37e-01
comp13 SPP1_vs_NTC.ENSMUSG00000002603            1.34e-01 9.52e-01
tech SPP1_vs_NTC.ENSMUSG00000002603              3.68e-01       NA
baseline SPP1_vs_NTC.ENSMUSG00000039239          2.37e-01 8.33e-01
comp1 SPP1_vs_NTC.ENSMUSG00000039239             2.99e-01 8.45e-01
comp13 SPP1_vs_NTC.ENSMUSG00000039239            3.57e-01 9.53e-01
tech SPP1_vs_NTC.ENSMUSG00000039239              2.69e-01 7.25e-01
baseline SPP1_vs_NTC.ENSMUSG00000021253          5.17e-01 9.25e-01
comp1 SPP1_vs_NTC.ENSMUSG00000021253             2.26e-01 8.21e-01
comp13 SPP1_vs_NTC.ENSMUSG00000021253            2.23e-01 9.52e-01
tech SPP1_vs_NTC.ENSMUSG00000021253              7.33e-01 9.34e-01
baseline SPP1_vs_NTC.ENSMUSG00000035493          8.83e-01 9.87e-01
comp1 SPP1_vs_NTC.ENSMUSG00000035493             4.09e-01 8.73e-01
comp13 SPP1_vs_NTC.ENSMUSG00000035493            3.82e-01 9.53e-01
tech SPP1_vs_NTC.ENSMUSG00000035493              6.18e-01 9.03e-01
baseline SPP1_vs_NTC.ENSMUSG00000007613          1.33e-01 7.78e-01
comp1 SPP1_vs_NTC.ENSMUSG00000007613             1.52e-01 8.20e-01
comp13 SPP1_vs_NTC.ENSMUSG00000007613            2.79e-01 9.52e-01
tech SPP1_vs_NTC.ENSMUSG00000007613              5.45e-02 4.46e-01
baseline SPP1_vs_NTC.ENSMUSG00000032440          8.43e-02 7.44e-01
comp1 SPP1_vs_NTC.ENSMUSG00000032440             2.02e-01 8.20e-01
comp13 SPP1_vs_NTC.ENSMUSG00000032440            2.79e-01 9.52e-01
tech SPP1_vs_NTC.ENSMUSG00000032440              3.97e-03 1.94e-01
baseline genotype_5xFAD_vs_WT.ENSMUSG00000019997 3.13e-01 4.55e-01
comp1 genotype_5xFAD_vs_WT.ENSMUSG00000019997    9.22e-01 9.59e-01
comp13 genotype_5xFAD_vs_WT.ENSMUSG00000019997   3.85e-01 7.71e-01
tech genotype_5xFAD_vs_WT.ENSMUSG00000019997     6.53e-01 9.81e-01
baseline genotype_5xFAD_vs_WT.ENSMUSG00000026193 4.73e-01 6.10e-01
comp1 genotype_5xFAD_vs_WT.ENSMUSG00000026193    3.14e-02 1.20e-01
comp13 genotype_5xFAD_vs_WT.ENSMUSG00000026193   4.22e-01 7.89e-01
tech genotype_5xFAD_vs_WT.ENSMUSG00000026193     2.72e-01 9.55e-01
baseline genotype_5xFAD_vs_WT.ENSMUSG00000001870 2.01e-01 3.31e-01
comp1 genotype_5xFAD_vs_WT.ENSMUSG00000001870    8.98e-02 2.32e-01
comp13 genotype_5xFAD_vs_WT.ENSMUSG00000001870   6.95e-01 9.15e-01
tech genotype_5xFAD_vs_WT.ENSMUSG00000001870     1.64e-01 9.55e-01
baseline genotype_5xFAD_vs_WT.ENSMUSG00000038400 1.68e-04 1.23e-03
comp1 genotype_5xFAD_vs_WT.ENSMUSG00000038400    4.17e-02 1.43e-01
comp13 genotype_5xFAD_vs_WT.ENSMUSG00000038400   2.48e-02 4.81e-01
tech genotype_5xFAD_vs_WT.ENSMUSG00000038400     7.66e-01 9.88e-01
baseline genotype_5xFAD_vs_WT.ENSMUSG00000037411 4.16e-01 5.58e-01
comp1 genotype_5xFAD_vs_WT.ENSMUSG00000037411    1.84e-01 3.63e-01
comp13 genotype_5xFAD_vs_WT.ENSMUSG00000037411   7.06e-01 9.18e-01
tech genotype_5xFAD_vs_WT.ENSMUSG00000037411     3.11e-01 9.55e-01
baseline genotype_5xFAD_vs_WT.ENSMUSG00000027660 2.25e-01 3.59e-01
comp1 genotype_5xFAD_vs_WT.ENSMUSG00000027660    4.47e-02 1.49e-01
comp13 genotype_5xFAD_vs_WT.ENSMUSG00000027660   5.51e-01 8.57e-01
tech genotype_5xFAD_vs_WT.ENSMUSG00000027660     8.74e-02 9.55e-01
baseline genotype_5xFAD_vs_WT.ENSMUSG00000025880 1.17e-04 9.17e-04
comp1 genotype_5xFAD_vs_WT.ENSMUSG00000025880    1.58e-01 3.30e-01
comp13 genotype_5xFAD_vs_WT.ENSMUSG00000025880   1.34e-01 5.74e-01
tech genotype_5xFAD_vs_WT.ENSMUSG00000025880     5.86e-01 9.79e-01
baseline genotype_5xFAD_vs_WT.ENSMUSG00000018363 1.60e-01 2.79e-01
comp1 genotype_5xFAD_vs_WT.ENSMUSG00000018363    4.10e-02 1.41e-01
comp13 genotype_5xFAD_vs_WT.ENSMUSG00000018363   4.13e-01 7.86e-01
tech genotype_5xFAD_vs_WT.ENSMUSG00000018363     8.08e-02 9.55e-01
baseline genotype_5xFAD_vs_WT.ENSMUSG00000002603 2.05e-03 9.03e-03
comp1 genotype_5xFAD_vs_WT.ENSMUSG00000002603    4.11e-02       NA
comp13 genotype_5xFAD_vs_WT.ENSMUSG00000002603   2.44e-03 4.81e-01
tech genotype_5xFAD_vs_WT.ENSMUSG00000002603     2.64e-01 9.55e-01
baseline genotype_5xFAD_vs_WT.ENSMUSG00000039239 2.26e-07 1.48e-05
comp1 genotype_5xFAD_vs_WT.ENSMUSG00000039239    3.64e-05 1.00e-02
comp13 genotype_5xFAD_vs_WT.ENSMUSG00000039239   1.37e-03 4.81e-01
tech genotype_5xFAD_vs_WT.ENSMUSG00000039239     3.31e-03 9.55e-01
baseline genotype_5xFAD_vs_WT.ENSMUSG00000021253 6.83e-03 2.38e-02
comp1 genotype_5xFAD_vs_WT.ENSMUSG00000021253    3.80e-01 5.71e-01
comp13 genotype_5xFAD_vs_WT.ENSMUSG00000021253   3.75e-01 7.64e-01
tech genotype_5xFAD_vs_WT.ENSMUSG00000021253     8.11e-01 9.91e-01
baseline genotype_5xFAD_vs_WT.ENSMUSG00000035493 6.50e-02 1.41e-01
comp1 genotype_5xFAD_vs_WT.ENSMUSG00000035493    5.65e-01 7.25e-01
comp13 genotype_5xFAD_vs_WT.ENSMUSG00000035493   8.61e-01 9.64e-01
tech genotype_5xFAD_vs_WT.ENSMUSG00000035493     7.75e-01 9.89e-01
baseline genotype_5xFAD_vs_WT.ENSMUSG00000007613 1.82e-02 5.19e-02
comp1 genotype_5xFAD_vs_WT.ENSMUSG00000007613    7.25e-02 2.03e-01
comp13 genotype_5xFAD_vs_WT.ENSMUSG00000007613   6.91e-01 9.13e-01
tech genotype_5xFAD_vs_WT.ENSMUSG00000007613     4.23e-03 9.55e-01
baseline genotype_5xFAD_vs_WT.ENSMUSG00000032440 2.09e-01 3.40e-01
comp1 genotype_5xFAD_vs_WT.ENSMUSG00000032440    4.12e-01 5.99e-01
comp13 genotype_5xFAD_vs_WT.ENSMUSG00000032440   9.12e-01 9.78e-01
tech genotype_5xFAD_vs_WT.ENSMUSG00000032440     7.45e-02 9.55e-01
