panel mean pairwise r = 0.49; random-gene null mean 0.01, p = 0.002
         confidence  median_CPM_WT  median_CPM_5xFAD_NTC  median_CPM_5xFAD_SPP1                                                   top_reference_cell_types  item_rest_r
Serpine1       High          14.95                 16.13                  11.68                mural_pericyte_SMC 35%, skeletal_muscle 29%, osteoblast 14%         0.43
Smad7          High          45.81                 21.69                  20.57                  mast_cell 22%, blood_endothelial 18%, CNS_neural_glial 9%         0.77
Tgfbi          High         106.18                 70.41                  71.32                           monocyte 21%, macrophage_BAM 21%, neutrophil 11%         0.65
Pmepa1         High         265.54                112.99                 115.65                      fibroblast_stromal 28%, osteoclast 20%, osteoblast 8%         0.64
Skil         Medium          90.46                 75.12                  57.53                              mast_cell 28%, skeletal_muscle 11%, NK_ILC 9%         0.65
Ccn2         Medium         269.72                213.79                 185.18     mural_pericyte_SMC 54%, skeletal_muscle 18%, lymphatic_endothelial 16%         0.77
Fn1          Medium         419.50                335.69                 264.20                        monocyte 47%, osteoblast 15%, mural_pericyte_SMC 9%         0.66
Smurf2          Low          78.36                 65.94                  60.79               osteoclast 18%, choroid_plexus 17%, olfactory_epithelium 16%         0.53
Tgfb1       context           5.37                  2.28                   3.45                               monocyte 16%, B_cell 16%, dendritic_cell 10%          NaN
Tgfb2       context          75.37                 37.28                  43.32           olfactory_epithelium 21%, osteoclast 14%, mural_pericyte_SMC 12%          NaN
Tgfb3       context          49.03                 25.76                  28.07  fibroblast_stromal 31%, mural_pericyte_SMC 18%, lymphatic_endothelial 14%          NaN
Tgfbr1      context          88.64                 85.94                  75.09                    osteoclast 62%, olfactory_epithelium 14%, osteoblast 4%          NaN
Tgfbr2      context         261.91                165.33                 149.64              lymphatic_endothelial 20%, osteoclast 15%, macrophage_BAM 12%          NaN
Ltbp1       context          30.62                 24.67                  22.77           olfactory_epithelium 27%, osteoblast 18%, mural_pericyte_SMC 15%          NaN
          fibroblast_stromal  blood_endothelial  macrophage_BAM  bone_osteoblast  osteoclast  olfactory_nasal  CNS_neural  skeletal_muscle  erythroid_blood
Serpine1                0.21               0.22            0.30             0.37        0.29            -0.62       -0.13             0.10             0.12
Smad7                   0.85               0.93            0.14             0.03        0.02            -0.71       -0.62            -0.65            -0.07
Tgfbi                   0.84               0.86            0.44             0.01       -0.10            -0.60       -0.65            -0.50             0.07
Pmepa1                  0.74               0.71           -0.24            -0.23        0.19            -0.37       -0.64            -0.57            -0.09
Skil                    0.48               0.36            0.16             0.49        0.61            -0.77       -0.30            -0.17             0.16
Ccn2                    0.45               0.48            0.21             0.23        0.24            -0.67       -0.25            -0.09             0.02
Fn1                     0.74               0.60            0.30             0.52        0.44            -0.65       -0.45            -0.15            -0.03
Smurf2                  0.42               0.22            0.22             0.60        0.58            -0.63       -0.17             0.06             0.09
Tgfb1                   0.42               0.41           -0.22            -0.23        0.14            -0.17       -0.47            -0.37             0.27
Tgfb2                   0.38               0.52           -0.37            -0.53       -0.24             0.00       -0.59            -0.52             0.12
Tgfb3                   0.66               0.59            0.02            -0.32       -0.13            -0.11       -0.62            -0.42             0.09
Tgfbr1                  0.01              -0.19           -0.17             0.45        0.84            -0.25       -0.04             0.04             0.09
Tgfbr2                  0.84               0.77            0.16             0.18        0.34            -0.72       -0.61            -0.57            -0.06
Ltbp1                   0.42               0.22           -0.07             0.47        0.71            -0.57       -0.34            -0.14             0.22
          Serpine1  Smad7  Tgfbi  Pmepa1  Skil  Ccn2   Fn1  Smurf2
Serpine1      1.00   0.22   0.19    0.10  0.75  0.84  0.30    0.63
Smad7         0.22   1.00   0.79    0.81  0.42  0.52  0.63    0.27
Tgfbi         0.19   0.79   1.00    0.69  0.23  0.48  0.51    0.14
Pmepa1        0.10   0.81   0.69    1.00  0.32  0.48  0.48    0.14
Skil          0.75   0.42   0.23    0.32  1.00  0.69  0.62    0.80
Ccn2          0.84   0.52   0.48    0.48  0.69  1.00  0.41    0.54
Fn1           0.30   0.63   0.51    0.48  0.62  0.41  1.00    0.65
Smurf2        0.63   0.27   0.14    0.14  0.80  0.54  0.65    1.00
                               readout  geno_base_SD  geno_base_p  geno_compPC1_SD  geno_compPC1PC3_SD  geno_mito_SD  geno_mito_p  geno_fibroblast_SD  position_616  spp1_base_SD  spp1_base_p  spp1_compPC1PC3_SD  spp1_perm_p
0                   TGFb_weighted_all8        -0.845        0.158            0.093              -0.215         0.646        0.403              -0.065         2.091        -0.870        0.105              -0.400        0.110
1                     TGFb_high_conf_4        -1.190        0.035           -0.274              -0.350         0.275        0.642              -0.473         1.585        -0.608        0.295              -0.084        0.320
2   TGFb_weighted_composition_residual        -0.308        0.619           -0.481              -0.390         0.885        0.371              -0.117         2.972         0.120        0.814              -0.203        0.820
3                             Serpine1         0.525        0.395            0.902               0.291         0.760        0.488               0.919        -4.314        -0.489        0.374              -0.288        0.385
4                                Smad7        -1.516        0.002           -0.683              -0.485        -0.325        0.425              -1.028         1.066        -0.826        0.152              -0.245        0.175
5                                Tgfbi        -1.132        0.055           -0.001               0.342         0.273        0.699              -0.415         1.443        -0.169        0.795               0.439        0.880
6                               Pmepa1        -1.305        0.017           -0.850              -0.999         0.146        0.771              -0.759         1.304        -0.233        0.707              -0.194        0.700
7                                 Skil         0.606        0.330            1.079               0.155         1.373        0.206               1.084        -3.412        -0.962        0.078              -0.710        0.085
8                                 Ccn2        -0.410        0.506           -0.038              -0.341         0.428        0.677               0.082         2.645        -0.367        0.411              -0.133        0.410
9                                  Fn1         0.660        0.250            1.361               0.684         1.333        0.182               1.244        -6.166        -1.386        0.008              -1.045        0.010
10                              Smurf2         1.006        0.087            1.537               0.784         1.697        0.092               1.505        -1.351        -1.049        0.065              -0.672        0.075
11                               Tgfb1        -1.339        0.015           -1.522              -1.770        -0.914        0.271              -1.260         0.051         0.730        0.247               0.823        0.270
12                               Tgfb2        -1.727        0.000           -1.685              -1.794        -1.664        0.006              -1.678         0.119         0.670        0.252               0.328        0.225
13                               Tgfb3        -1.338        0.013           -0.648              -0.569        -0.219        0.724              -0.769         0.889         0.280        0.629               0.454        0.605
14                              Tgfbr1         0.967        0.104            0.943               0.094         1.627        0.112               1.209        -1.230        -0.576        0.339              -0.589        0.350
15                              Tgfbr2        -0.711        0.252            0.277               0.038         1.139        0.117               0.068         2.341        -0.946        0.106              -0.557        0.085
16                               Ltbp1         0.554        0.379            0.856              -0.212         1.083        0.330               0.908        -1.971        -0.867        0.153              -0.717        0.165
